============================================================
Testing Per-Pair Interaction Types Fix
============================================================
C:\AI_KERNELS\ds_gpu\Scripts\py
thon.exe : Traceback (most rece
nt call last):
At line:1 char:1
+ C:\AI_KERNELS\ds_gpu\Scripts\
python.exe tests/test_perpair_i
nteractio ...
+ ~~~~~~~~~~~~~~~~~~~~~~~~~~~~~
~~~~~~~~~~~~~~~~~~~~~~~~~~~~~~~
~~~~~~~~~
    + CategoryInfo          :  
   NotSpecified: (Traceback (  
  most recent call last)::St   
 ring) [], RemoteException
    + FullyQualifiedErrorId :  
   NativeCommandError
 
  File "C:\Users\Hamza\Desktop\
GAFIME\tests\test_perpair_inter
actions.py", line 132, in <modu
le>
    test_mixed_interactions()
  File "C:\Users\Hamza\Desktop\
GAFIME\tests\test_perpair_inter
actions.py", line 41, in test_m
ixed_interactions
    print(f"\n\U0001f4e6 Create
d test data: {n_samples} sample
s, 3 features")
  File "C:\Users\Hamza\AppData\
Local\Programs\Python\Python312
\Lib\encodings\cp1254.py", line
 19, in encode
    return codecs.charmap_encod
e(input,self.errors,encoding_ta
ble)[0]
           ^^^^^^^^^^^^^^^^^^^^
^^^^^^^^^^^^^^^^^^^^^^^^^^^^^^^
^^^^
UnicodeEncodeError: 'charmap' c
odec can't encode character '\U
0001f4e6' in position 2: charac
ter maps to <undefined>
